// Jest Snapshot v1, https://goo.gl/fbAQLP

exports[`Tests for the "LoadingScore" component should the component be the same visual 1`] = `
<div
  className="sc-AxjAm eViVcq"
/>
`;
